빌드 시작: 2025-09-25 오후 7:38:41
     1>2 노드의 "D:\1side\3.Souse\1Side_AVI_SEA\CMI4200L\CMI4200L.vcxproj" 프로젝트(build 대상)입니다.
     1>InitializeBuildStatus:
         "AlwaysCreate"이(가) 지정되었기 때문에 "Debug\CMI4200L.unsuccessfulbuild"을(를) 만들고 있습니다.
       ClCompile:
         모든 출력이 최신 상태입니다.
         모든 출력이 최신 상태입니다.
       ResourceCompile:
         모든 출력이 최신 상태입니다.
       ManifestResourceCompile:
         모든 출력이 최신 상태입니다.
       Link:
         모든 출력이 최신 상태입니다.
       Manifest:
         모든 출력이 최신 상태입니다.
         모든 출력이 최신 상태입니다.
       FinalizeBuildStatus:
         "Debug\CMI4200L.unsuccessfulbuild" 파일을 삭제하고 있습니다.
         "Debug\CMI4200L.lastbuildstate"에 연결(touching)하고 있습니다.
     1>"D:\1side\3.Souse\1Side_AVI_SEA\CMI4200L\CMI4200L.vcxproj" 프로젝트를 빌드했습니다(build 대상).

빌드했습니다.

경과 시간: 00:00:00.07
